Microchip MPLAB XC8 Compiler V2.30

Linker command line:

-W-3 --edf=C:\Program Files\Microchip\xc8\v2.30\pic\dat\en_msgs.txt -cn \
  -h+dist/default/debug\PROJ_SCE.X.debug.sym \
  --cmf=dist/default/debug\PROJ_SCE.X.debug.cmf -z -Q16F18875 \
  -oC:\Users\joaom\AppData\Local\Temp\se1ox2 --defsym=__MPLAB_BUILD=1 \
  -Mdist/default/debug/PROJ_SCE.X.debug.map -E1 -ver=XC8 Compiler \
  --acfsm=1493 -ASTACK=0206Ch-02372h -pstack=STACK -ACODE=00h-07FFhx4 \
  -ASTRCODE=00h-01FFFh -ASTRING=00h-0FFhx32 -ACONST=00h-0FFhx32 \
  -AENTRY=00h-0FFhx32 -ACOMMON=070h-07Fh -ABANK0=020h-06Fh \
  -ABANK1=0A0h-0EFh -ABANK2=0120h-016Fh -ABANK3=01A0h-01EFh \
  -ABANK4=0220h-026Fh -ABANK5=02A0h-02EFh -ABANK6=0320h-036Fh \
  -ABANK7=03A0h-03EFh -ABANK8=0420h-046Fh -ABANK9=04A0h-04EFh \
  -ABANK10=0520h-056Fh -ABANK11=05A0h-05EFh -ABANK12=0620h-064Fh \
  -ABIGRAM=02000h-023EFh \
  -ARAM=020h-06Fh,0A0h-0EFh,0120h-016Fh,01A0h-01EFh,0220h-026Fh,02A0h-02EFh,0320h-036Fh,03A0h-03EFh,0420h-046Fh,04A0h-04EFh,0520h-056Fh,05A0h-05EFh,0620h-064Fh \
  -AABS1=020h-07Fh,0A0h-0EFh,0120h-016Fh,01A0h-01EFh,0220h-026Fh,02A0h-02EFh,0320h-036Fh,03A0h-03EFh,0420h-046Fh,04A0h-04EFh,0520h-056Fh,05A0h-05EFh,0620h-064Fh \
  -ASFR0=00h-01Fh -ASFR1=080h-09Fh -ASFR2=0100h-011Fh -ASFR3=0180h-019Fh \
  -ASFR4=0200h-021Fh -ASFR5=0280h-029Fh -ASFR6=0300h-031Fh \
  -ASFR7=0380h-039Fh -ASFR8=0400h-041Fh -ASFR9=0480h-049Fh \
  -ASFR10=0500h-051Fh -ASFR11=0580h-059Fh -ASFR12=0600h-061Fh \
  -ASFR13=0680h-06EFh -ASFR14=0700h-076Fh -ASFR15=0780h-07EFh \
  -ASFR16=0800h-086Fh -ASFR17=0880h-08EFh -ASFR18=0900h-096Fh \
  -ASFR19=0980h-09EFh -ASFR20=0A00h-0A6Fh -ASFR21=0A80h-0AEFh \
  -ASFR22=0B00h-0B6Fh -ASFR23=0B80h-0BEFh -ASFR24=0C00h-0C6Fh \
  -ASFR25=0C80h-0CEFh -ASFR26=0D00h-0D6Fh -ASFR27=0D80h-0DEFh \
  -ASFR28=0E00h-0E6Fh -ASFR29=0E80h-0EEFh -ASFR30=0F00h-0F6Fh \
  -ASFR31=0F80h-0FEFh -ACONFIG=08007h-0800Bh -DCONFIG=2 \
  -AIDLOC=08000h-08003h -DIDLOC=2 -AEEDATA=00h-0FFh/0F000h \
  -peeprom_data=EEDATA -DEEDATA=2 -DCODE=2 -DSTRCODE=2 -DSTRING=2 -DCONST=2 \
  -DENTRY=2 -preset_vec=00h,intentry=04h,init,end_init -ppowerup=CODE \
  -pcinit=CODE -pfunctab=ENTRY -k \
  C:\Users\joaom\AppData\Local\Temp\se1oxm.o \
  dist/default/debug\PROJ_SCE.X.debug.o 

Object code version is 3.11

Machine type is 16F18875



                Name                               Link     Load   Length Selector   Space Scale
C:\Users\joaom\AppData\Local\Temp\se1oxm.o
                end_init                             28       28        2        8       0
                reset_vec                             0        0        2        0       0
                config                             8007     8007        5        0       4
dist/default/debug\PROJ_SCE.X.debug.o
                cinit                                2A       2A       38        8       0
                intentry                              4        4       24        8       0
                config                             8007     8007        5        0       4
                text50                              84B      84B       53     1096       0
                text49                             170E     170E       23     2E1C       0
                text48                             16B1     16B1       1E     2D62       0
                text47                             175C     175C       34     2EB8       0
                text46                              94B      94B       5E     1296       0
                text45                                2        2        1        0       0
                text44                             157F     157F        D     2AFE       0
                text43                             1660     1660       17     2CC0       0
                text41                              8F1      8F1       5A     11E2       0
                text40                              89E      89E       53     113C       0
                text39                              AD0      AD0       D4     15A0       0
                text38                              9A9      9A9       76     1352       0
                text37                             1634     1634       16     2C68       0
                text36                             1538     1538        9     2A70       0
                text35                             17C5     17C5       3B     2F8A       0
                text34                             1520     1520        8     2A40       0
                text33                             1541     1541        9     2A82       0
                text32                             161F     161F       15     2C3E       0
                text31                             159B     159B       10     2B36       0
                text30                             1677     1677       1D     2CEE       0
                text29                             1694     1694       1D     2D28       0
                text28                             158C     158C        F     2B18       0
                text27                              BA4      BA4      123     1748       0
                text26                             155C     155C        B     2AB8       0
                text25                             15AB     15AB       10     2B56       0
                text24                             15BB     15BB       10     2B76       0
                text23                             15CB     15CB       10     2B96       0
                text22                              7D7      7D7       24        8       0
                text21                              A1F      A1F       B1     143E       0
                text20                             15FB     15FB       11     2BF6       0
                text19                              800      800        E     1000       0
                text18                              7FB      7FB        5        8       0
                text17                             15DB     15DB       10     2BB6       0
                text16                             15EB     15EB       10     2BD6       0
                text15                             1567     1567        C     2ACE       0
                text14                             1528     1528        8     2A50       0
                text13                             154A     154A        9     2A94       0
                text12                             164A     164A       16     2C94       0
                text11                              80E      80E       3D     101C       0
                text10                             1790     1790       35     2F20       0
                text9                              16EE     16EE       20     2DDC       0
                text8                              160C     160C       13     2C18       0
                text7                               639      639      19E        8       0
                text6                                62       62      5D7        8       0
                text5                              1553     1553        9     2AA6       0
                text4                              1530     1530        8     2A60       0
                text3                              1731     1731       2B     2E62       0
                text2                              16CF     16CF       1F     2D9E       0
                text1                               CC7      CC7      150     198E       0
                maintext                            E17      E17      1E9     1C2E       0
                cstackBANK0                          20       20       4C       20       1
                cstackCOMMON                         70       70        9       70       1
                cstackBANK1                          A0       A0        C       A0       1
                clrtext                            1573     1573        C     2AE6       0
                dataBANK1                            B6       B6        4       A0       1
                bssBANK1                             AC       AC        A       A0       1
                bssBANK0                             6C       6C        4       20       1
                dataCOMMON                           7D       7D        1       70       1
                bssCOMMON                            79       79        4       70       1
                stringtext8                        182E     182E        2     3000       0
                stringtext7                        182C     182C        2     3000       0
                stringtext6                        182A     182A        2     3000       0
                stringtext5                        1826     1826        4     3000       0
                stringtext4                        1820     1820        6     3000       0
                stringtext3                        1819     1819        7     3000       0
                stringtext2                        1800     1800        F     3000       0
                nvBANK1                              BA       BA        2       A0       1
                stringtext1                        180F     180F        A     3000       0
                idataBANK1                         151C     151C        4     2A38       0
                idataCOMMON                           3        3        1        6       0

TOTAL           Name                               Link     Load   Length     Space
        CLASS   STACK          

        CLASS   CODE           
                end_init                             28       28        2         0
                cinit                                2A       2A       38         0
                intentry                              4        4       24         0
                reset_vec                             0        0        2         0
                text50                              84B      84B       53         0
                text49                             170E     170E       23         0
                text48                             16B1     16B1       1E         0
                text47                             175C     175C       34         0
                text46                              94B      94B       5E         0
                text45                                2        2        1         0
                text44                             157F     157F        D         0
                text43                             1660     1660       17         0
                text41                              8F1      8F1       5A         0
                text40                              89E      89E       53         0
                text39                              AD0      AD0       D4         0
                text38                              9A9      9A9       76         0
                text37                             1634     1634       16         0
                text36                             1538     1538        9         0
                text35                             17C5     17C5       3B         0
                text34                             1520     1520        8         0
                text33                             1541     1541        9         0
                text32                             161F     161F       15         0
                text31                             159B     159B       10         0
                text30                             1677     1677       1D         0
                text29                             1694     1694       1D         0
                text28                             158C     158C        F         0
                text27                              BA4      BA4      123         0
                text26                             155C     155C        B         0
                text25                             15AB     15AB       10         0
                text24                             15BB     15BB       10         0
                text23                             15CB     15CB       10         0
                text22                              7D7      7D7       24         0
                text21                              A1F      A1F       B1         0
                text20                             15FB     15FB       11         0
                text19                              800      800        E         0
                text18                              7FB      7FB        5         0
                text17                             15DB     15DB       10         0
                text16                             15EB     15EB       10         0
                text15                             1567     1567        C         0
                text14                             1528     1528        8         0
                text13                             154A     154A        9         0
                text12                             164A     164A       16         0
                text11                              80E      80E       3D         0
                text10                             1790     1790       35         0
                text9                              16EE     16EE       20         0
                text8                              160C     160C       13         0
                text7                               639      639      19E         0
                text6                                62       62      5D7         0
                text5                              1553     1553        9         0
                text4                              1530     1530        8         0
                text3                              1731     1731       2B         0
                text2                              16CF     16CF       1F         0
                text1                               CC7      CC7      150         0
                maintext                            E17      E17      1E9         0
                clrtext                            1573     1573        C         0
                idataBANK1                         151C     151C        4         0
                idataCOMMON                           3        3        1         0

        CLASS   STRCODE        
                stringtext8                        182E     182E        2         0
                stringtext7                        182C     182C        2         0
                stringtext6                        182A     182A        2         0
                stringtext5                        1826     1826        4         0
                stringtext4                        1820     1820        6         0
                stringtext3                        1819     1819        7         0
                stringtext2                        1800     1800        F         0
                stringtext1                        180F     180F        A         0

        CLASS   STRING         

        CLASS   CONST          

        CLASS   ENTRY          

        CLASS   COMMON         
                cstackCOMMON                         70       70        9         1
                dataCOMMON                           7D       7D        1         1
                bssCOMMON                            79       79        4         1

        CLASS   BANK0          
                cstackBANK0                          20       20       4C         1
                bssBANK0                             6C       6C        4         1

        CLASS   BANK1          
                cstackBANK1                          A0       A0        C         1
                dataBANK1                            B6       B6        4         1
                bssBANK1                             AC       AC        A         1
                nvBANK1                              BA       BA        2         1

        CLASS   BANK2          

        CLASS   BANK3          

        CLASS   BANK4          

        CLASS   BANK5          

        CLASS   BANK6          

        CLASS   BANK7          

        CLASS   BANK8          

        CLASS   BANK9          

        CLASS   BANK10         

        CLASS   BANK11         

        CLASS   BANK12         

        CLASS   BIGRAM         

        CLASS   RAM            

        CLASS   ABS1           
                abs_s1                               7E       7E        2         1
                abs_s1                              5A3      5A3       4D         1
                abs_s1                              620      620       30         1
                abs_s1                             2373     2373        0         1

        CLASS   SFR0           

        CLASS   SFR1           

        CLASS   SFR2           

        CLASS   SFR3           

        CLASS   SFR4           

        CLASS   SFR5           

        CLASS   SFR6           

        CLASS   SFR7           

        CLASS   SFR8           

        CLASS   SFR9           

        CLASS   SFR10          

        CLASS   SFR11          

        CLASS   SFR12          

        CLASS   SFR13          

        CLASS   SFR14          

        CLASS   SFR15          

        CLASS   SFR16          

        CLASS   SFR17          

        CLASS   SFR18          

        CLASS   SFR19          

        CLASS   SFR20          

        CLASS   SFR21          

        CLASS   SFR22          

        CLASS   SFR23          

        CLASS   SFR24          

        CLASS   SFR25          

        CLASS   SFR26          

        CLASS   SFR27          

        CLASS   SFR28          

        CLASS   SFR29          

        CLASS   SFR30          

        CLASS   SFR31          

        CLASS   CONFIG         
                config                             8007     8007        5         4

        CLASS   IDLOC          

        CLASS   EEDATA         

        CLASS   BANK31         

        CLASS   BANK30         

        CLASS   BANK29         

        CLASS   BANK28         

        CLASS   BANK27         

        CLASS   BANK26         

        CLASS   BANK25         

        CLASS   BANK24         

        CLASS   BANK23         

        CLASS   BANK22         

        CLASS   BANK21         

        CLASS   BANK20         

        CLASS   BANK19         

        CLASS   BANK18         

        CLASS   BANK17         

        CLASS   BANK16         

        CLASS   BANK15         

        CLASS   BANK14         

        CLASS   BANK13         



SEGMENTS        Name                           Load    Length   Top    Selector   Space  Class     Delta

                reset_vec                      000000  000003  000003         0       0  CODE        2
                idataCOMMON                    000003  000001  000004         6       0  CODE        2
                intentry                       000004  0007FC  000800         8       0  CODE        2
                cstackBANK0                    000020  000050  000070        20       1  BANK0       1
                cstackCOMMON                   000070  00000E  00007E        70       1  COMMON      1
                cstackBANK1                    0000A0  00001C  0000BC        A0       1  BANK1       1
                text19                         000800  00000E  00080E      1000       0  CODE        2
                text11                         00080E  00003D  00084B      101C       0  CODE        2
                text50                         00084B  000053  00089E      1096       0  CODE        2
                text40                         00089E  000053  0008F1      113C       0  CODE        2
                text41                         0008F1  00005A  00094B      11E2       0  CODE        2
                text46                         00094B  00005E  0009A9      1296       0  CODE        2
                text38                         0009A9  000076  000A1F      1352       0  CODE        2
                text21                         000A1F  0000B1  000AD0      143E       0  CODE        2
                text39                         000AD0  0000D4  000BA4      15A0       0  CODE        2
                text27                         000BA4  000123  000CC7      1748       0  CODE        2
                text1                          000CC7  000150  000E17      198E       0  CODE        2
                maintext                       000E17  0001E9  001000      1C2E       0  CODE        2
                idataBANK1                     00151C  000004  001520      2A38       0  CODE        2
                text34                         001520  000008  001528      2A40       0  CODE        2
                text14                         001528  000008  001530      2A50       0  CODE        2
                text4                          001530  000008  001538      2A60       0  CODE        2
                text36                         001538  000009  001541      2A70       0  CODE        2
                text33                         001541  000009  00154A      2A82       0  CODE        2
                text13                         00154A  000009  001553      2A94       0  CODE        2
                text5                          001553  000009  00155C      2AA6       0  CODE        2
                text26                         00155C  00000B  001567      2AB8       0  CODE        2
                text15                         001567  00000C  001573      2ACE       0  CODE        2
                clrtext                        001573  00000C  00157F      2AE6       0  CODE        2
                text44                         00157F  00000D  00158C      2AFE       0  CODE        2
                text28                         00158C  00000F  00159B      2B18       0  CODE        2
                text31                         00159B  000010  0015AB      2B36       0  CODE        2
                text25                         0015AB  000010  0015BB      2B56       0  CODE        2
                text24                         0015BB  000010  0015CB      2B76       0  CODE        2
                text23                         0015CB  000010  0015DB      2B96       0  CODE        2
                text17                         0015DB  000010  0015EB      2BB6       0  CODE        2
                text16                         0015EB  000010  0015FB      2BD6       0  CODE        2
                text20                         0015FB  000011  00160C      2BF6       0  CODE        2
                text8                          00160C  000013  00161F      2C18       0  CODE        2
                text32                         00161F  000015  001634      2C3E       0  CODE        2
                text37                         001634  000016  00164A      2C68       0  CODE        2
                text12                         00164A  000016  001660      2C94       0  CODE        2
                text43                         001660  000017  001677      2CC0       0  CODE        2
                text30                         001677  00001D  001694      2CEE       0  CODE        2
                text29                         001694  00001D  0016B1      2D28       0  CODE        2
                text48                         0016B1  00001E  0016CF      2D62       0  CODE        2
                text2                          0016CF  00001F  0016EE      2D9E       0  CODE        2
                text9                          0016EE  000020  00170E      2DDC       0  CODE        2
                text49                         00170E  000023  001731      2E1C       0  CODE        2
                text3                          001731  00002B  00175C      2E62       0  CODE        2
                text47                         00175C  000034  001790      2EB8       0  CODE        2
                text10                         001790  000035  0017C5      2F20       0  CODE        2
                text35                         0017C5  00003B  001800      2F8A       0  CODE        2
                stringtext2                    001800  000030  001830      3000       0  STRCODE     2


UNUSED ADDRESS RANGES

        Name                Unused          Largest block    Delta
        BANK1            000BC-000EF              34           1
        BANK10           00520-0056F              50           1
        BANK11           005A0-005A2               3           1
        BANK2            00120-0016F              50           1
        BANK3            001A0-001EF              50           1
        BANK4            00220-0026F              50           1
        BANK5            002A0-002EF              50           1
        BANK6            00320-0036F              50           1
        BANK7            003A0-003EF              50           1
        BANK8            00420-0046F              50           1
        BANK9            004A0-004EF              50           1
        BIGRAM           02000-023EF             3F0           1
        CODE             01000-0151B             51C           2
                         01830-01FFF             7D0
        CONST            01000-0151B             100           2
                         01830-01FFF             100
        EEDATA           0F000-0F0FF             100           2
        ENTRY            01000-0151B             100           2
                         01830-01FFF             100
        IDLOC            08000-08003               4           2
        RAM              000BC-000EF              34           1
                         00120-0016F              50
                         001A0-001EF              50
                         00220-0026F              50
                         002A0-002EF              50
                         00320-0036F              50
                         003A0-003EF              50
                         00420-0046F              50
                         004A0-004EF              50
                         00520-0056F              50
                         005A0-005A2               3
        SFR0             00000-0001F              20           1
        SFR1             00080-0009F              20           1
        SFR10            00500-0051F              20           1
        SFR11            00580-0059F              20           1
        SFR12            00600-0061F              20           1
        SFR13            00680-006EF              70           1
        SFR14            00700-0076F              70           1
        SFR15            00780-007EF              70           1
        SFR16            00800-0086F              70           1
        SFR17            00880-008EF              70           1
        SFR18            00900-0096F              70           1
        SFR19            00980-009EF              70           1
        SFR2             00100-0011F              20           1
        SFR20            00A00-00A6F              70           1
        SFR21            00A80-00AEF              70           1
        SFR22            00B00-00B6F              70           1
        SFR23            00B80-00BEF              70           1
        SFR24            00C00-00C6F              70           1
        SFR25            00C80-00CEF              70           1
        SFR26            00D00-00D6F              70           1
        SFR27            00D80-00DEF              70           1
        SFR28            00E00-00E6F              70           1
        SFR29            00E80-00EEF              70           1
        SFR3             00180-0019F              20           1
        SFR30            00F00-00F6F              70           1
        SFR31            00F80-00FEF              70           1
        SFR4             00200-0021F              20           1
        SFR5             00280-0029F              20           1
        SFR6             00300-0031F              20           1
        SFR7             00380-0039F              20           1
        SFR8             00400-0041F              20           1
        SFR9             00480-0049F              20           1
        STACK            0206C-02372             307           1
        STRCODE          01000-0151B             51C           2
                         01830-01FFF             7D0
        STRING           01000-0151B             100           2
                         01830-01FFF             100

                                  Symbol Table

?_ADCC_GetConversionResult                cstackBANK0  00020
?___awmod                                 cstackCOMMON 00070
?___lwdiv                                 cstackBANK0  00020
?___lwmod                                 cstackBANK0  00028
?___wmul                                  cstackBANK0  00020
?_sprintf                                 cstackBANK0  0002E
?i1___lwmod                               cstackCOMMON 00070
ADCC_StartConversion@channel              cstackBANK0  00020
DATAEE_ReadByte@bAdd                      cstackBANK0  00020
DATAEE_WriteByte@GIEBitValue              cstackBANK0  00023
DATAEE_WriteByte@bAdd                     cstackBANK0  00020
DATAEE_WriteByte@bData                    cstackBANK0  00022
LCDchar@c                                 cstackBANK0  00028
LCDcmd@c                                  cstackBANK0  00028
LCDsend2x4@c                              cstackBANK0  00025
LCDsend2x4@hc                             cstackBANK0  00026
LCDsend2x4@lc                             cstackBANK0  00027
LCDsend2x4@mode                           cstackBANK0  00022
LCDsend@c                                 cstackBANK0  00023
LCDstr@c                                  cstackBANK0  0002A
LCDstr@p                                  cstackBANK0  0002B
TMR0_ISR@CountCallBack                    bssBANK1     000AC
TMR0_SetInterruptHandler@InterruptHandler cstackBANK0  00020
WriteI2C@data_out                         cstackBANK0  00021
_ADACCH                                   (abs)        00091
_ADACCL                                   (abs)        00090
_ADACQ                                    (abs)        0009D
_ADACT                                    (abs)        00099
_ADCAP                                    (abs)        0009B
_ADCC_GetConversionResult                 text5        01553
_ADCC_Initialize                          text37       01634
_ADCC_StartConversion                     text4        01530
_ADCLK                                    (abs)        00098
_ADCNT                                    (abs)        0010C
_ADCON0                                   (abs)        00093
_ADCON0bits                               (abs)        00093
_ADCON1                                   (abs)        00094
_ADCON1bits                               (abs)        00094
_ADCON2                                   (abs)        00095
_ADCON2bits                               (abs)        00095
_ADCON3                                   (abs)        00096
_ADCON3bits                               (abs)        00096
_ADERRH                                   (abs)        00117
_ADERRL                                   (abs)        00116
_ADFLTRH                                  (abs)        00115
_ADFLTRL                                  (abs)        00114
_ADLTHH                                   (abs)        0010F
_ADLTHL                                   (abs)        0010E
_ADPCH                                    (abs)        0009E
_ADPRE                                    (abs)        0009C
_ADPREVH                                  (abs)        0008F
_ADPREVL                                  (abs)        0008E
_ADREF                                    (abs)        0009A
_ADRESH                                   (abs)        0008D
_ADRESL                                   (abs)        0008C
_ADRPT                                    (abs)        0010D
_ADSTAT                                   (abs)        00097
_ADSTATbits                               (abs)        00097
_ADSTPTH                                  (abs)        00113
_ADSTPTL                                  (abs)        00112
_ADUTHH                                   (abs)        00111
_ADUTHL                                   (abs)        00110
_ALAF                                     bssBANK1     000B3
_ALAH                                     dataBANK1    000B8
_ALAL                                     dataBANK1    000B6
_ALAM                                     bssBANK1     000B5
_ALAS                                     bssBANK1     000B4
_ALAT                                     dataBANK1    000B7
_ANSELA                                   (abs)        00F38
_ANSELB                                   (abs)        00F43
_ANSELC                                   (abs)        00F4E
_ANSELD                                   (abs)        00F59
_ANSELE                                   (abs)        00F64
_CLKH                                     bssBANK0     0006F
_CLKM                                     bssBANK0     0006E
_CSUM                                     bssBANK1     000B2
_DATAEE_ReadByte                          text28       0158C
_DATAEE_WriteByte                         text22       007D7
_INTCONbits                               (abs)        0000B
_INTERRUPT_InterruptManager               intentry     00004
_LATA                                     (abs)        00016
_LATB                                     (abs)        00017
_LATC                                     (abs)        00018
_LATD                                     (abs)        00019
_LATE                                     (abs)        0001A
_LCDchar                                  text13       0154A
_LCDcmd                                   text14       01528
_LCDinit                                  text38       009A9
_LCDsend                                  text40       0089E
_LCDsend2x4                               text39       00AD0
_LCDstr                                   text12       0164A
_NVMADRH                                  (abs)        0081B
_NVMADRL                                  (abs)        0081A
_NVMCON1bits                              (abs)        0081E
_NVMCON2                                  (abs)        0081F
_NVMDATH                                  (abs)        0081D
_NVMDATL                                  (abs)        0081C
_ODCONA                                   (abs)        00F3A
_ODCONB                                   (abs)        00F45
_ODCONC                                   (abs)        00F50
_ODCOND                                   (abs)        00F5B
_ODCONE                                   (abs)        00F66
_OSCCON1                                  (abs)        0088D
_OSCCON3                                  (abs)        0088F
_OSCEN                                    (abs)        00891
_OSCFRQ                                   (abs)        00893
_OSCILLATOR_Initialize                    text36       01538
_OSCTUNE                                  (abs)        00892
_PIE0bits                                 (abs)        00716
_PIE3bits                                 (abs)        00719
_PIN_MANAGER_Initialize                   text35       017C5
_PIR0bits                                 (abs)        0070C
_PIR3bits                                 (abs)        0070F
_PMD0                                     (abs)        00796
_PMD1                                     (abs)        00797
_PMD2                                     (abs)        00798
_PMD3                                     (abs)        00799
_PMD4                                     (abs)        0079A
_PMD5                                     (abs)        0079B
_PMD_Initialize                           text34       01520
_PMON                                     dataCOMMON   0007D
_PORTBbits                                (abs)        0000D
_PORTCbits                                (abs)        0000E
_RC3PPS                                   (abs)        00F23
_RC4PPS                                   (abs)        00F24
_ReadI2C                                  text2        016CF
_SLRCONA                                  (abs)        00F3B
_SLRCONB                                  (abs)        00F46
_SLRCONC                                  (abs)        00F51
_SLRCOND                                  (abs)        00F5C
_SLRCONE                                  (abs)        00F67
_SSP1ADD                                  (abs)        0018D
_SSP1BUF                                  (abs)        0018C
_SSP1CLKPPS                               (abs)        00EC5
_SSP1CON1                                 (abs)        00190
_SSP1CON1bits                             (abs)        00190
_SSP1CON2                                 (abs)        00191
_SSP1CON2bits                             (abs)        00191
_SSP1DATPPS                               (abs)        00EC6
_SSP1MSK                                  (abs)        0018E
_SSP1STAT                                 (abs)        0018F
_SSP1STATbits                             (abs)        0018F
_SYSTEM_Initialize                        text31       0159B
_T0CON0                                   (abs)        0001E
_T0CON0bits                               (abs)        0001E
_T0CON1                                   (abs)        0001F
_TALA                                     dataBANK1    000B9
_TMR0H                                    (abs)        0001D
_TMR0L                                    (abs)        0001C
_TMR0_CallBack                            text44       0157F
_TMR0_DefaultInterruptHandler             text45       00002
_TMR0_ISR                                 text43       01660
_TMR0_Initialize                          text32       0161F
_TMR0_InterruptHandler                    nvBANK1      000BA
_TMR0_SetInterruptHandler                 text33       01541
_TMR0_callback                            text46       0094B
_TRISA                                    (abs)        00011
_TRISB                                    (abs)        00012
_TRISC                                    (abs)        00013
_TRISCbits                                (abs)        00013
_TRISD                                    (abs)        00014
_TRISE                                    (abs)        00015
_WPUA                                     (abs)        00F39
_WPUB                                     (abs)        00F44
_WPUC                                     (abs)        00F4F
_WPUC3                                    (abs)        07A7B
_WPUC4                                    (abs)        07A7C
_WPUD                                     (abs)        00F5A
_WPUE                                     (abs)        00F65
_WriteI2C                                 text41       008F1
__Habs1                                   abs1         00000
__Hbank0                                  bank0        00000
__Hbank1                                  bank1        00000
__Hbank10                                 bank10       00000
__Hbank11                                 bank11       00000
__Hbank12                                 bank12       00000
__Hbank13                                 bank13       00000
__Hbank14                                 bank14       00000
__Hbank15                                 bank15       00000
__Hbank16                                 bank16       00000
__Hbank17                                 bank17       00000
__Hbank18                                 bank18       00000
__Hbank19                                 bank19       00000
__Hbank2                                  bank2        00000
__Hbank20                                 bank20       00000
__Hbank21                                 bank21       00000
__Hbank22                                 bank22       00000
__Hbank23                                 bank23       00000
__Hbank24                                 bank24       00000
__Hbank25                                 bank25       00000
__Hbank26                                 bank26       00000
__Hbank27                                 bank27       00000
__Hbank28                                 bank28       00000
__Hbank29                                 bank29       00000
__Hbank3                                  bank3        00000
__Hbank30                                 bank30       00000
__Hbank31                                 bank31       00000
__Hbank4                                  bank4        00000
__Hbank5                                  bank5        00000
__Hbank6                                  bank6        00000
__Hbank7                                  bank7        00000
__Hbank8                                  bank8        00000
__Hbank9                                  bank9        00000
__Hbigram                                 bigram       00000
__HbssBANK0                               bssBANK0     00000
__HbssBANK1                               bssBANK1     00000
__HbssCOMMON                              bssCOMMON    00000
__Hcinit                                  cinit        00062
__Hclrtext                                clrtext      00000
__Hcode                                   code         00000
__Hcommon                                 common       00000
__Hconfig                                 config       0800C
__HcstackBANK0                            cstackBANK0  00000
__HcstackBANK1                            cstackBANK1  00000
__HcstackCOMMON                           cstackCOMMON 00000
__HdataBANK1                              dataBANK1    00000
__HdataCOMMON                             dataCOMMON   00000
__Heeprom_data                            eeprom_data  00000
__Hend_init                               end_init     0002A
__Hfunctab                                functab      00000
__HidataBANK1                             idataBANK1   00000
__HidataCOMMON                            idataCOMMON  00000
__Hinit                                   init         00028
__Hintentry                               intentry     00028
__Hmaintext                               maintext     00000
__HnvBANK1                                nvBANK1      00000
__Hpowerup                                powerup      00000
__Hram                                    ram          00000
__Hreset_vec                              reset_vec    00002
__Hsfr0                                   sfr0         00000
__Hsfr1                                   sfr1         00000
__Hsfr10                                  sfr10        00000
__Hsfr11                                  sfr11        00000
__Hsfr12                                  sfr12        00000
__Hsfr13                                  sfr13        00000
__Hsfr14                                  sfr14        00000
__Hsfr15                                  sfr15        00000
__Hsfr16                                  sfr16        00000
__Hsfr17                                  sfr17        00000
__Hsfr18                                  sfr18        00000
__Hsfr19                                  sfr19        00000
__Hsfr2                                   sfr2         00000
__Hsfr20                                  sfr20        00000
__Hsfr21                                  sfr21        00000
__Hsfr22                                  sfr22        00000
__Hsfr23                                  sfr23        00000
__Hsfr24                                  sfr24        00000
__Hsfr25                                  sfr25        00000
__Hsfr26                                  sfr26        00000
__Hsfr27                                  sfr27        00000
__Hsfr28                                  sfr28        00000
__Hsfr29                                  sfr29        00000
__Hsfr3                                   sfr3         00000
__Hsfr30                                  sfr30        00000
__Hsfr31                                  sfr31        00000
__Hsfr4                                   sfr4         00000
__Hsfr5                                   sfr5         00000
__Hsfr6                                   sfr6         00000
__Hsfr7                                   sfr7         00000
__Hsfr8                                   sfr8         00000
__Hsfr9                                   sfr9         00000
__Hspace_0                                (abs)        01830
__Hspace_1                                (abs)        000BC
__Hspace_2                                (abs)        00000
__Hspace_3                                (abs)        00000
__Hspace_4                                (abs)        10013
__Hstack                                  stack        00000
__Hstrings                                strings      00000
__Hstringtext1                            stringtext1  00000
__Hstringtext2                            stringtext2  00000
__Hstringtext3                            stringtext3  00000
__Hstringtext4                            stringtext4  00000
__Hstringtext5                            stringtext5  00000
__Hstringtext6                            stringtext6  00000
__Hstringtext7                            stringtext7  00000
__Hstringtext8                            stringtext8  00000
__Hstringtext9                            stringtext9  00000
__Htext                                   text         00000
__Labs1                                   abs1         00000
__Lbank0                                  bank0        00000
__Lbank1                                  bank1        00000
__Lbank10                                 bank10       00000
__Lbank11                                 bank11       00000
__Lbank12                                 bank12       00000
__Lbank13                                 bank13       00000
__Lbank14                                 bank14       00000
__Lbank15                                 bank15       00000
__Lbank16                                 bank16       00000
__Lbank17                                 bank17       00000
__Lbank18                                 bank18       00000
__Lbank19                                 bank19       00000
__Lbank2                                  bank2        00000
__Lbank20                                 bank20       00000
__Lbank21                                 bank21       00000
__Lbank22                                 bank22       00000
__Lbank23                                 bank23       00000
__Lbank24                                 bank24       00000
__Lbank25                                 bank25       00000
__Lbank26                                 bank26       00000
__Lbank27                                 bank27       00000
__Lbank28                                 bank28       00000
__Lbank29                                 bank29       00000
__Lbank3                                  bank3        00000
__Lbank30                                 bank30       00000
__Lbank31                                 bank31       00000
__Lbank4                                  bank4        00000
__Lbank5                                  bank5        00000
__Lbank6                                  bank6        00000
__Lbank7                                  bank7        00000
__Lbank8                                  bank8        00000
__Lbank9                                  bank9        00000
__Lbigram                                 bigram       00000
__LbssBANK0                               bssBANK0     00000
__LbssBANK1                               bssBANK1     00000
__LbssCOMMON                              bssCOMMON    00000
__Lcinit                                  cinit        0002A
__Lclrtext                                clrtext      00000
__Lcode                                   code         00000
__Lcommon                                 common       00000
__Lconfig                                 config       00000
__LcstackBANK0                            cstackBANK0  00000
__LcstackBANK1                            cstackBANK1  00000
__LcstackCOMMON                           cstackCOMMON 00000
__LdataBANK1                              dataBANK1    00000
__LdataCOMMON                             dataCOMMON   00000
__Leeprom_data                            eeprom_data  00000
__Lend_init                               end_init     00028
__Lfunctab                                functab      00000
__LidataBANK1                             idataBANK1   00000
__LidataCOMMON                            idataCOMMON  00000
__Linit                                   init         00028
__Lintentry                               intentry     00004
__Lmaintext                               maintext     00000
__LnvBANK1                                nvBANK1      00000
__Lpowerup                                powerup      00000
__Lram                                    ram          00000
__Lreset_vec                              reset_vec    00000
__Lsfr0                                   sfr0         00000
__Lsfr1                                   sfr1         00000
__Lsfr10                                  sfr10        00000
__Lsfr11                                  sfr11        00000
__Lsfr12                                  sfr12        00000
__Lsfr13                                  sfr13        00000
__Lsfr14                                  sfr14        00000
__Lsfr15                                  sfr15        00000
__Lsfr16                                  sfr16        00000
__Lsfr17                                  sfr17        00000
__Lsfr18                                  sfr18        00000
__Lsfr19                                  sfr19        00000
__Lsfr2                                   sfr2         00000
__Lsfr20                                  sfr20        00000
__Lsfr21                                  sfr21        00000
__Lsfr22                                  sfr22        00000
__Lsfr23                                  sfr23        00000
__Lsfr24                                  sfr24        00000
__Lsfr25                                  sfr25        00000
__Lsfr26                                  sfr26        00000
__Lsfr27                                  sfr27        00000
__Lsfr28                                  sfr28        00000
__Lsfr29                                  sfr29        00000
__Lsfr3                                   sfr3         00000
__Lsfr30                                  sfr30        00000
__Lsfr31                                  sfr31        00000
__Lsfr4                                   sfr4         00000
__Lsfr5                                   sfr5         00000
__Lsfr6                                   sfr6         00000
__Lsfr7                                   sfr7         00000
__Lsfr8                                   sfr8         00000
__Lsfr9                                   sfr9         00000
__Lspace_0                                (abs)        00000
__Lspace_1                                (abs)        00000
__Lspace_2                                (abs)        00000
__Lspace_3                                (abs)        00000
__Lspace_4                                (abs)        00000
__Lstack                                  stack        00000
__Lstrings                                strings      00000
__Lstringtext1                            stringtext1  00000
__Lstringtext2                            stringtext2  00000
__Lstringtext3                            stringtext3  00000
__Lstringtext4                            stringtext4  00000
__Lstringtext5                            stringtext5  00000
__Lstringtext6                            stringtext6  00000
__Lstringtext7                            stringtext7  00000
__Lstringtext8                            stringtext8  00000
__Lstringtext9                            stringtext9  00000
__Ltext                                   text         00000
__S0                                      (abs)        01830
__S1                                      (abs)        000BC
__S2                                      (abs)        00000
__S3                                      (abs)        00000
___awmod                                  text50       0084B
___awmod@counter                          cstackCOMMON 00075
___awmod@dividend                         cstackCOMMON 00072
___awmod@divisor                          cstackCOMMON 00070
___awmod@sign                             cstackCOMMON 00076
___int_sp                                 stack        00000
___latbits                                (abs)        00002
___lbmod                                  text49       0170E
___lbmod@counter                          cstackCOMMON 00074
___lbmod@dividend                         cstackCOMMON 00073
___lbmod@divisor                          cstackCOMMON 00070
___lbmod@rem                              cstackCOMMON 00075
___lwdiv                                  text11       0080E
___lwdiv@counter                          cstackBANK0  00027
___lwdiv@dividend                         cstackBANK0  00022
___lwdiv@divisor                          cstackBANK0  00020
___lwdiv@quotient                         cstackBANK0  00025
___lwmod                                  text10       01790
___lwmod@counter                          cstackBANK0  0002D
___lwmod@dividend                         cstackBANK0  0002A
___lwmod@divisor                          cstackBANK0  00028
___sp                                     stack        00000
___stackhi                                (abs)        02372
___stacklo                                (abs)        0206C
___wmul                                   text9        016EE
___wmul@multiplicand                      cstackBANK0  00022
___wmul@multiplier                        cstackBANK0  00020
___wmul@product                           cstackBANK0  00024
__end_of_ADCC_GetConversionResult         text5        0155C
__end_of_ADCC_Initialize                  text37       0164A
__end_of_ADCC_StartConversion             text4        01538
__end_of_DATAEE_ReadByte                  text28       0159B
__end_of_DATAEE_WriteByte                 text22       007FB
__end_of_INTERRUPT_InterruptManager       intentry     00028
__end_of_LCDchar                          text13       01553
__end_of_LCDcmd                           text14       01530
__end_of_LCDinit                          text38       00A1F
__end_of_LCDsend                          text40       008F1
__end_of_LCDsend2x4                       text39       00BA4
__end_of_LCDstr                           text12       01660
__end_of_OSCILLATOR_Initialize            text36       01541
__end_of_PIN_MANAGER_Initialize           text35       01800
__end_of_PMD_Initialize                   text34       01528
__end_of_ReadI2C                          text2        016EE
__end_of_SYSTEM_Initialize                text31       015AB
__end_of_TMR0_CallBack                    text44       0158C
__end_of_TMR0_DefaultInterruptHandler     text45       00003
__end_of_TMR0_ISR                         text43       01677
__end_of_TMR0_Initialize                  text32       01634
__end_of_TMR0_SetInterruptHandler         text33       0154A
__end_of_TMR0_callback                    text46       009A9
__end_of_WriteI2C                         text41       0094B
__end_of___awmod                          text50       0089E
__end_of___lbmod                          text49       01731
__end_of___lwdiv                          text11       0084B
__end_of___lwmod                          text10       017C5
__end_of___wmul                           text9        0170E
__end_of__initialization                  cinit        0005E
__end_of_checkButtonS1                    text30       01694
__end_of_checkButtonS2                    text29       016B1
__end_of_check_vars                       text27       00CC7
__end_of_conf_alarm_flag                  text26       01567
__end_of_conf_alarm_hh                    text25       015BB
__end_of_conf_alarm_mm                    text24       015CB
__end_of_conf_alarm_ss                    text23       015DB
__end_of_conf_clock_hh                    text20       0160C
__end_of_conf_clock_mm                    text19       0080E
__end_of_conf_clock_ss                    text18       00800
__end_of_conf_lumin                       text17       015EB
__end_of_conf_temp                        text16       015FB
__end_of_dpowers                          stringtext1  01819
__end_of_i2c1_driver_open                 text15       01573
__end_of_isdigit                          text8        0161F
__end_of_lcd                              text6        00639
__end_of_lumin                            text3        0175C
__end_of_main                             maintext     01000
__end_of_save_vars                        text21       00AD0
__end_of_sprintf                          text7        007D7
__end_of_tsttc                            text1        00E17
__end_ofi1_DATAEE_WriteByte               text48       016CF
__end_ofi1___lwmod                        text47       01790
__initialization                          cinit        0002A
__pbssBANK0                               bssBANK0     0006C
__pbssBANK1                               bssBANK1     000AC
__pbssBIGRAM                              (abs)        02373
__pbssCOMMON                              bssCOMMON    00079
__pcstackBANK0                            cstackBANK0  00020
__pcstackBANK1                            cstackBANK1  000A0
__pcstackCOMMON                           cstackCOMMON 00070
__pdataBANK1                              dataBANK1    000B6
__pdataCOMMON                             dataCOMMON   0007D
__pidataBANK1                             idataBANK1   0151C
__pidataCOMMON                            idataCOMMON  00003
__pintentry                               intentry     00004
__pmaintext                               maintext     00E17
__pnvBANK1                                nvBANK1      000BA
__pstringtext1                            stringtext1  0180F
__pstringtext2                            stringtext2  01800
__pstringtext3                            stringtext3  01819
__pstringtext4                            stringtext4  01820
__pstringtext5                            stringtext5  01826
__pstringtext6                            stringtext6  0182A
__pstringtext7                            stringtext7  0182C
__pstringtext8                            stringtext8  0182E
__pstringtext9                            stringtext9  00000
__ptext1                                  text1        00CC7
__ptext10                                 text10       01790
__ptext11                                 text11       0080E
__ptext12                                 text12       0164A
__ptext13                                 text13       0154A
__ptext14                                 text14       01528
__ptext15                                 text15       01567
__ptext16                                 text16       015EB
__ptext17                                 text17       015DB
__ptext18                                 text18       007FB
__ptext19                                 text19       00800
__ptext2                                  text2        016CF
__ptext20                                 text20       015FB
__ptext21                                 text21       00A1F
__ptext22                                 text22       007D7
__ptext23                                 text23       015CB
__ptext24                                 text24       015BB
__ptext25                                 text25       015AB
__ptext26                                 text26       0155C
__ptext27                                 text27       00BA4
__ptext28                                 text28       0158C
__ptext29                                 text29       01694
__ptext3                                  text3        01731
__ptext30                                 text30       01677
__ptext31                                 text31       0159B
__ptext32                                 text32       0161F
__ptext33                                 text33       01541
__ptext34                                 text34       01520
__ptext35                                 text35       017C5
__ptext36                                 text36       01538
__ptext37                                 text37       01634
__ptext38                                 text38       009A9
__ptext39                                 text39       00AD0
__ptext4                                  text4        01530
__ptext40                                 text40       0089E
__ptext41                                 text41       008F1
__ptext43                                 text43       01660
__ptext44                                 text44       0157F
__ptext45                                 text45       00002
__ptext46                                 text46       0094B
__ptext47                                 text47       0175C
__ptext48                                 text48       016B1
__ptext49                                 text49       0170E
__ptext5                                  text5        01553
__ptext50                                 text50       0084B
__ptext6                                  text6        00062
__ptext7                                  text7        00639
__ptext8                                  text8        0160C
__ptext9                                  text9        016EE
__size_of_ADCC_GetConversionResult        (abs)        00000
__size_of_ADCC_Initialize                 (abs)        00000
__size_of_ADCC_StartConversion            (abs)        00000
__size_of_DATAEE_ReadByte                 (abs)        00000
__size_of_DATAEE_WriteByte                (abs)        00000
__size_of_INTERRUPT_InterruptManager      (abs)        00000
__size_of_LCDchar                         (abs)        00000
__size_of_LCDcmd                          (abs)        00000
__size_of_LCDinit                         (abs)        00000
__size_of_LCDsend                         (abs)        00000
__size_of_LCDsend2x4                      (abs)        00000
__size_of_LCDstr                          (abs)        00000
__size_of_OSCILLATOR_Initialize           (abs)        00000
__size_of_PIN_MANAGER_Initialize          (abs)        00000
__size_of_PMD_Initialize                  (abs)        00000
__size_of_ReadI2C                         (abs)        00000
__size_of_SYSTEM_Initialize               (abs)        00000
__size_of_TMR0_CallBack                   (abs)        00000
__size_of_TMR0_DefaultInterruptHandler    (abs)        00000
__size_of_TMR0_ISR                        (abs)        00000
__size_of_TMR0_Initialize                 (abs)        00000
__size_of_TMR0_SetInterruptHandler        (abs)        00000
__size_of_TMR0_callback                   (abs)        00000
__size_of_WriteI2C                        (abs)        00000
__size_of___awmod                         (abs)        00000
__size_of___lbmod                         (abs)        00000
__size_of___lwdiv                         (abs)        00000
__size_of___lwmod                         (abs)        00000
__size_of___wmul                          (abs)        00000
__size_of_checkButtonS1                   (abs)        00000
__size_of_checkButtonS2                   (abs)        00000
__size_of_check_vars                      (abs)        00000
__size_of_conf_alarm_flag                 (abs)        00000
__size_of_conf_alarm_hh                   (abs)        00000
__size_of_conf_alarm_mm                   (abs)        00000
__size_of_conf_alarm_ss                   (abs)        00000
__size_of_conf_clock_hh                   (abs)        00000
__size_of_conf_clock_mm                   (abs)        00000
__size_of_conf_clock_ss                   (abs)        00000
__size_of_conf_lumin                      (abs)        00000
__size_of_conf_temp                       (abs)        00000
__size_of_i2c1_driver_open                (abs)        00000
__size_of_isdigit                         (abs)        00000
__size_of_lcd                             (abs)        00000
__size_of_lumin                           (abs)        00000
__size_of_main                            (abs)        00000
__size_of_save_vars                       (abs)        00000
__size_of_sprintf                         (abs)        00000
__size_of_tsttc                           (abs)        00000
__size_ofi1_DATAEE_WriteByte              (abs)        00000
__size_ofi1___lwmod                       (abs)        00000
_btn1State                                bssBANK0     0006D
_btn2State                                bssBANK0     0006C
_checkButtonS1                            text30       01677
_checkButtonS2                            text29       01694
_check_vars                               text27       00BA4
_conf_alarm_flag                          text26       0155C
_conf_alarm_hh                            text25       015AB
_conf_alarm_mm                            text24       015BB
_conf_alarm_ss                            text23       015CB
_conf_clock_hh                            text20       015FB
_conf_clock_mm                            text19       00800
_conf_clock_ss                            text18       007FB
_conf_lumin                               text17       015DB
_conf_temp                                text16       015EB
_dpowers                                  stringtext1  0180F
_i2c1_driver_busCollisionISR              bssBANK1     000B0
_i2c1_driver_i2cISR                       bssBANK1     000AE
_i2c1_driver_open                         text15       01567
_isdigit                                  text8        0160C
_isdigit$2407                             cstackBANK0  00020
_lcd                                      text6        00062
_lumin                                    text3        01731
_main                                     maintext     00E17
_main$2802                                cstackBANK0  0006A
_reg                                      (abs)        02373
_save_vars                                text21       00A1F
_sprintf                                  text7        00639
_timer_flag                               bssCOMMON    0007B
_tsttc                                    text1        00CC7
btemp                                     (abs)        0007E
check_vars@pass                           cstackBANK0  00023
clear_ram0                                clrtext      01573
end_of_initialization                     cinit        0005E
i1DATAEE_WriteByte@GIEBitValue            cstackCOMMON 00073
i1DATAEE_WriteByte@bAdd                   cstackCOMMON 00070
i1DATAEE_WriteByte@bData                  cstackCOMMON 00072
i1_DATAEE_WriteByte                       text48       016B1
i1___lwmod                                text47       0175C
i1___lwmod@counter                        cstackCOMMON 00075
i1___lwmod@dividend                       cstackCOMMON 00072
i1___lwmod@divisor                        cstackCOMMON 00070
int$flags                                 (abs)        0007E
intlevel0                                 functab      00000
intlevel1                                 functab      00000
intlevel2                                 functab      00000
intlevel3                                 functab      00000
intlevel4                                 functab      00000
intlevel5                                 functab      00000
isdigit@c                                 cstackBANK0  00021
lcd@alah                                  cstackBANK0  0004C
lcd@alam                                  cstackBANK0  0004D
lcd@alarm                                 cstackBANK0  00044
lcd@alas                                  cstackBANK0  0004E
lcd@buf                                   cstackBANK0  00055
lcd@ctl                                   cstackBANK0  00045
lcd@h                                     cstackBANK0  00046
lcd@luminosity                            cstackBANK0  00043
lcd@luminosity_alarm                      cstackBANK0  0004B
lcd@m                                     cstackBANK0  00047
lcd@s                                     cstackBANK0  00048
lcd@state                                 cstackBANK0  00049
lcd@temperature                           cstackBANK0  00066
lcd@temperature_alarm                     cstackBANK0  0004A
lumin@luminosity                          cstackBANK0  00024
main@c                                    cstackBANK0  00067
main@ctl                                  cstackBANK0  00069
main@l                                    cstackBANK0  00068
main@state                                cstackBANK0  0006B
reset_vec                                 reset_vec    00000
save_register@n                           bssCOMMON    00079
sprintf@ap                                cstackBANK0  0003A
sprintf@c                                 cstackBANK0  00041
sprintf@f                                 cstackBANK0  0002E
sprintf@flag                              cstackBANK0  0003E
sprintf@prec                              cstackBANK0  0003B
sprintf@sp                                cstackBANK0  00042
sprintf@val                               cstackBANK0  0003C
sprintf@width                             cstackBANK0  0003F
start                                     init         00028
start_initialization                      cinit        0002A
tsttc@value                               cstackBANK0  00023
wtemp0                                    (abs)        0007E


FUNCTION INFORMATION:

 *************** function _main *****************
 Defined at:
		line 181 in file "main.c"
 Parameters:    Size  Location     Type
		None
 Auto vars:     Size  Location     Type
  buf            17    0        unsigned char [17]
  state           1   75[BANK0 ] unsigned char 
  ctl             1   73[BANK0 ] unsigned char 
  l               1   72[BANK0 ] unsigned char 
  c               1   71[BANK0 ] unsigned char 
  c2              1    0        unsigned char 
  c1              1    0        unsigned char 
  lc              1    0        unsigned char 
  hc              1    0        unsigned char 
 Return value:  Size  Location     Type
                  1    wreg      void 
 Registers used:
		wreg, fsr0l, fsr0h, fsr1l, fsr1h, status,2, status,0, pclath, cstack
 Tracked objects:
		On entry : 
		On exit  : 
		Unchanged: 
 Data sizes:     COMMON   BANK0   BANK1   BANK2   BANK3   BANK4   BANK5   BANK6   BANK7   BANK8   BANK9  BANK10  BANK11  BANK12
      Params:         0       0       0       0       0       0       0       0       0       0       0       0       0       0
      Locals:         0       5       0       0       0       0       0       0       0       0       0       0       0       0
      Temps:          0       0      12       0       0       0       0       0       0       0       0       0       0       0
      Totals:         0       5      12       0       0       0       0       0       0       0       0       0       0       0
Total ram usage:       17 bytes
 Hardware stack levels required when called:   10
 This function calls:
		_LCDinit
		_SYSTEM_Initialize
		_TMR0_SetInterruptHandler
		___lwmod
		_checkButtonS1
		_checkButtonS2
		_check_vars
		_conf_alarm_flag
		_conf_alarm_hh
		_conf_alarm_mm
		_conf_alarm_ss
		_conf_clock_hh
		_conf_clock_mm
		_conf_clock_ss
		_conf_lumin
		_conf_temp
		_i2c1_driver_open
		_lcd
		_lumin
		_save_vars
		_tsttc
 This function is called by:
		Startup code after reset
 This function uses a non-reentrant model


 *************** function _tsttc *****************
 Defined at:
		line 495 in file "main.c"
 Parameters:    Size  Location     Type
		None
 Auto vars:     Size  Location     Type
  value           1    3[BANK0 ] unsigned char 
 Return value:  Size  Location     Type
                  1    wreg      unsigned char 
 Registers used:
		wreg, status,2, status,0, pclath, cstack
 Tracked objects:
		On entry : 
		On exit  : 
		Unchanged: 
 Data sizes:     COMMON   BANK0   BANK1   BANK2   BANK3   BANK4   BANK5   BANK6   BANK7   BANK8   BANK9  BANK10  BANK11  BANK12
      Params:         0       0       0       0       0       0       0       0       0       0       0       0       0       0
      Locals:         0       1       0       0       0       0       0       0       0       0       0       0       0       0
      Temps:          0       1       0       0       0       0       0       0       0       0       0       0       0       0
      Totals:         0       2       0       0       0       0       0       0       0       0       0       0       0       0
Total ram usage:        2 bytes
 Hardware stack levels used:    1
 Hardware stack levels required when called:    6
 This function calls:
		_ReadI2C
		_WriteI2C
 This function is called by:
		_main
 This function uses a non-reentrant model


 *************** function _ReadI2C *****************
 Defined at:
		line 32 in file "I2C/i2c.c"
 Parameters:    Size  Location     Type
		None
 Auto vars:     Size  Location     Type
		None
 Return value:  Size  Location     Type
                  1    wreg      unsigned char 
 Registers used:
		wreg, status,2, status,0
 Tracked objects:
		On entry : 
		On exit  : 
		Unchanged: 
 Data sizes:     COMMON   BANK0   BANK1   BANK2   BANK3   BANK4   BANK5   BANK6   BANK7   BANK8   BANK9  BANK10  BANK11  BANK12
      Params:         0       0       0       0       0       0       0       0       0       0       0       0       0       0
      Locals:         0       0       0       0       0       0       0       0       0       0       0       0       0       0
      Temps:          0       1       0       0       0       0       0       0       0       0       0       0       0       0
      Totals:         0       1       0       0       0       0       0       0       0       0       0       0       0       0
Total ram usage:        1 bytes
 Hardware stack levels used:    1
 Hardware stack levels required when called:    5
 This function calls:
		Nothing
 This function is called by:
		_tsttc
		_LCDrecv
 This function uses a non-reentrant model


 *************** function _lumin *****************
 Defined at:
		line 425 in file "LCD.c"
 Parameters:    Size  Location     Type
		None
 Auto vars:     Size  Location     Type
  luminosity      2    4[BANK0 ] unsigned short 
 Return value:  Size  Location     Type
                  1    wreg      unsigned char 
 Registers used:
		wreg, status,2, status,0, pclath, cstack
 Tracked objects:
		On entry : 
		On exit  : 
		Unchanged: 
 Data sizes:     COMMON   BANK0   BANK1   BANK2   BANK3   BANK4   BANK5   BANK6   BANK7   BANK8   BANK9  BANK10  BANK11  BANK12
      Params:         0       0       0       0       0       0       0       0       0       0       0       0       0       0
      Locals:         0       2       0       0       0       0       0       0       0       0       0       0       0       0
      Temps:          0       2       0       0       0       0       0       0       0       0       0       0       0       0
      Totals:         0       4       0       0       0       0       0       0       0       0       0       0       0       0
Total ram usage:        4 bytes
 Hardware stack levels used:    1
 Hardware stack levels required when called:    6
 This function calls:
		_ADCC_GetConversionResult
		_ADCC_Initialize
		_ADCC_StartConversion
 This function is called by:
		_main
 This function uses a non-reentrant model


 *************** function _ADCC_StartConversion *****************
 Defined at:
		line 106 in file "mcc_generated_files/adcc.c"
 Parameters:    Size  Location     Type
  channel         1    wreg     enum E12086
 Auto vars:     Size  Location     Type
  channel         1    0[BANK0 ] enum E12086
 Return value:  Size  Location     Type
                  1    wreg      void 
 Registers used:
		wreg
 Tracked objects:
		On entry : 
		On exit  : 
		Unchanged: 
 Data sizes:     COMMON   BANK0   BANK1   BANK2   BANK3   BANK4   BANK5   BANK6   BANK7   BANK8   BANK9  BANK10  BANK11  BANK12
      Params:         0       0       0       0       0       0       0       0       0       0       0       0       0       0
      Locals:         0       1       0       0       0       0       0       0       0       0       0       0       0       0
      Temps:          0       0       0       0       0       0       0       0       0       0       0       0       0       0
      Totals:         0       1       0       0       0       0       0       0       0       0       0       0       0       0
Total ram usage:        1 bytes
 Hardware stack levels used:    1
 Hardware stack levels required when called:    5
 This function calls:
		Nothing
 This function is called by:
		_lumin
 This function uses a non-reentrant model


 *************** function _ADCC_GetConversionResult *****************
 Defined at:
		line 124 in file "mcc_generated_files/adcc.c"
 Parameters:    Size  Location     Type
		None
 Auto vars:     Size  Location     Type
		None
 Return value:  Size  Location     Type
                  2    0[BANK0 ] unsigned int 
 Registers used:
		wreg
 Tracked objects:
		On entry : 
		On exit  : 
		Unchanged: 
 Data sizes:     COMMON   BANK0   BANK1   BANK2   BANK3   BANK4   BANK5   BANK6   BANK7   BANK8   BANK9  BANK10  BANK11  BANK12
      Params:         0       2       0       0       0       0       0       0       0       0       0       0       0       0
      Locals:         0       0       0       0       0       0       0       0       0       0       0       0       0       0
      Temps:          0       0       0       0       0       0       0       0       0       0       0       0       0       0
      Totals:         0       2       0       0       0       0       0       0       0       0       0       0       0       0
Total ram usage:        2 bytes
 Hardware stack levels used:    1
 Hardware stack levels required when called:    5
 This function calls:
		Nothing
 This function is called by:
		_lumin
 This function uses a non-reentrant model


 *************** function _lcd *****************
 Defined at:
		line 127 in file "LCD.c"
 Parameters:    Size  Location     Type
  temperature     1    wreg     unsigned char 
  luminosity      1   35[BANK0 ] unsigned char 
  alarm           1   36[BANK0 ] unsigned char 
  ctl             1   37[BANK0 ] unsigned char 
  h               1   38[BANK0 ] unsigned char 
  m               1   39[BANK0 ] unsigned char 
  s               1   40[BANK0 ] unsigned char 
  state           1   41[BANK0 ] unsigned char 
  temperature_    1   42[BANK0 ] unsigned char 
  luminosity_a    1   43[BANK0 ] unsigned char 
  alah            1   44[BANK0 ] unsigned char 
  alam            1   45[BANK0 ] unsigned char 
  alas            1   46[BANK0 ] unsigned char 
 Auto vars:     Size  Location     Type
  temperature     1   70[BANK0 ] unsigned char 
  buf            17   53[BANK0 ] unsigned char [17]
 Return value:  Size  Location     Type
                  1    wreg      unsigned char 
 Registers used:
		wreg, fsr0l, fsr0h, fsr1l, fsr1h, status,2, status,0, pclath, cstack
 Tracked objects:
		On entry : 
		On exit  : 
		Unchanged: 
 Data sizes:     COMMON   BANK0   BANK1   BANK2   BANK3   BANK4   BANK5   BANK6   BANK7   BANK8   BANK9  BANK10  BANK11  BANK12
      Params:         0      12       0       0       0       0       0       0       0       0       0       0       0       0
[...]
      Temps:          0       2       0       0       0       0       0       0       0       0       0       0       0       0
      Totals:         0       6       0       0       0       0       0       0       0       0       0       0       0       0
Total ram usage:        6 bytes
 Hardware stack levels used:    1
 Hardware stack levels required when called:    6
 This function calls:
		_WriteI2C
 This function is called by:
		_LCDinit
		_LCDcmd
		_LCDchar
 This function uses a non-reentrant model


 *************** function _LCDsend *****************
 Defined at:
		line 18 in file "LCD.c"
 Parameters:    Size  Location     Type
  c               1    wreg     unsigned char 
 Auto vars:     Size  Location     Type
  c               1    3[BANK0 ] unsigned char 
 Return value:  Size  Location     Type
                  1    wreg      void 
 Registers used:
		wreg, status,2, status,0, pclath, cstack
 Tracked objects:
		On entry : 
		On exit  : 
		Unchanged: 
 Data sizes:     COMMON   BANK0   BANK1   BANK2   BANK3   BANK4   BANK5   BANK6   BANK7   BANK8   BANK9  BANK10  BANK11  BANK12
      Params:         0       0       0       0       0       0       0       0       0       0       0       0       0       0
      Locals:         0       1       0       0       0       0       0       0       0       0       0       0       0       0
      Temps:          0       1       0       0       0       0       0       0       0       0       0       0       0       0
      Totals:         0       2       0       0       0       0       0       0       0       0       0       0       0       0
Total ram usage:        2 bytes
 Hardware stack levels used:    1
 Hardware stack levels required when called:    6
 This function calls:
		_WriteI2C
 This function is called by:
		_LCDinit
 This function uses a non-reentrant model


 *************** function _WriteI2C *****************
 Defined at:
		line 47 in file "I2C/i2c.c"
 Parameters:    Size  Location     Type
  data_out        1    wreg     unsigned char 
 Auto vars:     Size  Location     Type
  data_out        1    1[BANK0 ] unsigned char 
 Return value:  Size  Location     Type
                  1    wreg      char 
 Registers used:
		wreg, status,2, status,0
 Tracked objects:
		On entry : 
		On exit  : 
		Unchanged: 
 Data sizes:     COMMON   BANK0   BANK1   BANK2   BANK3   BANK4   BANK5   BANK6   BANK7   BANK8   BANK9  BANK10  BANK11  BANK12
      Params:         0       0       0       0       0       0       0       0       0       0       0       0       0       0
      Locals:         0       1       0       0       0       0       0       0       0       0       0       0       0       0
      Temps:          0       1       0       0       0       0       0       0       0       0       0       0       0       0
      Totals:         0       2       0       0       0       0       0       0       0       0       0       0       0       0
Total ram usage:        2 bytes
 Hardware stack levels used:    1
 Hardware stack levels required when called:    5
 This function calls:
		Nothing
 This function is called by:
		_tsttc
		_LCDsend
		_LCDsend2x4
		_LCDrecv
 This function uses a non-reentrant model


 *************** function _INTERRUPT_InterruptManager *****************
 Defined at:
		line 52 in file "mcc_generated_files/interrupt_manager.c"
 Parameters:    Size  Location     Type
		None
 Auto vars:     Size  Location     Type
		None
 Return value:  Size  Location     Type
                  1    wreg      void 
 Registers used:
		wreg, status,2, status,0, pclath, cstack
 Tracked objects:
		On entry : 
		On exit  : 
		Unchanged: 
 Data sizes:     COMMON   BANK0   BANK1   BANK2   BANK3   BANK4   BANK5   BANK6   BANK7   BANK8   BANK9  BANK10  BANK11  BANK12
      Params:         0       0       0       0       0       0       0       0       0       0       0       0       0       0
      Locals:         0       0       0       0       0       0       0       0       0       0       0       0       0       0
      Temps:          0       0       0       0       0       0       0       0       0       0       0       0       0       0
      Totals:         0       0       0       0       0       0       0       0       0       0       0       0       0       0
Total ram usage:        0 bytes
 Hardware stack levels used:    1
 Hardware stack levels required when called:    4
 This function calls:
		_TMR0_ISR
 This function is called by:
		Interrupt level 1
 This function uses a non-reentrant model


 *************** function _TMR0_ISR *****************
 Defined at:
		line 121 in file "mcc_generated_files/tmr0.c"
 Parameters:    Size  Location     Type
		None
 Auto vars:     Size  Location     Type
		None
 Return value:  Size  Location     Type
                  1    wreg      void 
 Registers used:
		wreg, status,2, status,0, pclath, cstack
 Tracked objects:
		On entry : 
		On exit  : 
		Unchanged: 
 Data sizes:     COMMON   BANK0   BANK1   BANK2   BANK3   BANK4   BANK5   BANK6   BANK7   BANK8   BANK9  BANK10  BANK11  BANK12
      Params:         0       0       0       0       0       0       0       0       0       0       0       0       0       0
      Locals:         0       0       0       0       0       0       0       0       0       0       0       0       0       0
      Temps:          0       0       0       0       0       0       0       0       0       0       0       0       0       0
      Totals:         0       0       0       0       0       0       0       0       0       0       0       0       0       0
Total ram usage:        0 bytes
 Hardware stack levels used:    1
 Hardware stack levels required when called:    3
 This function calls:
		_TMR0_CallBack
 This function is called by:
		_INTERRUPT_InterruptManager
 This function uses a non-reentrant model


 *************** function _TMR0_CallBack *****************
 Defined at:
		line 140 in file "mcc_generated_files/tmr0.c"
 Parameters:    Size  Location     Type
		None
 Auto vars:     Size  Location     Type
		None
 Return value:  Size  Location     Type
                  1    wreg      void 
 Registers used:
		wreg, status,2, status,0, pclath, cstack
 Tracked objects:
		On entry : 
		On exit  : 
		Unchanged: 
 Data sizes:     COMMON   BANK0   BANK1   BANK2   BANK3   BANK4   BANK5   BANK6   BANK7   BANK8   BANK9  BANK10  BANK11  BANK12
      Params:         0       0       0       0       0       0       0       0       0       0       0       0       0       0
      Locals:         0       0       0       0       0       0       0       0       0       0       0       0       0       0
      Temps:          0       0       0       0       0       0       0       0       0       0       0       0       0       0
      Totals:         0       0       0       0       0       0       0       0       0       0       0       0       0       0
Total ram usage:        0 bytes
 Hardware stack levels used:    1
 Hardware stack levels required when called:    2
 This function calls:
		Absolute function
		_TMR0_DefaultInterruptHandler
		_TMR0_callback
 This function is called by:
		_TMR0_ISR
 This function uses a non-reentrant model


 *************** function _TMR0_DefaultInterruptHandler *****************
 Defined at:
		line 154 in file "mcc_generated_files/tmr0.c"
 Parameters:    Size  Location     Type
		None
 Auto vars:     Size  Location     Type
		None
 Return value:  Size  Location     Type
                  1    wreg      void 
 Registers used:
		None
 Tracked objects:
		On entry : 
		On exit  : 
		Unchanged: 
 Data sizes:     COMMON   BANK0   BANK1   BANK2   BANK3   BANK4   BANK5   BANK6   BANK7   BANK8   BANK9  BANK10  BANK11  BANK12
      Params:         0       0       0       0       0       0       0       0       0       0       0       0       0       0
      Locals:         0       0       0       0       0       0       0       0       0       0       0       0       0       0
      Temps:          0       0       0       0       0       0       0       0       0       0       0       0       0       0
      Totals:         0       0       0       0       0       0       0       0       0       0       0       0       0       0
Total ram usage:        0 bytes
 Hardware stack levels used:    1
 This function calls:
		Nothing
 This function is called by:
		_TMR0_Initialize
		_TMR0_CallBack
 This function uses a non-reentrant model


 *************** function _TMR0_callback *****************
 Defined at:
		line 379 in file "main.c"
 Parameters:    Size  Location     Type
		None
 Auto vars:     Size  Location     Type
		None
 Return value:  Size  Location     Type
                  1    wreg      void 
 Registers used:
		wreg, status,2, status,0, pclath, cstack
 Tracked objects:
		On entry : 
		On exit  : 
		Unchanged: 
 Data sizes:     COMMON   BANK0   BANK1   BANK2   BANK3   BANK4   BANK5   BANK6   BANK7   BANK8   BANK9  BANK10  BANK11  BANK12
      Params:         0       0       0       0       0       0       0       0       0       0       0       0       0       0
      Locals:         0       0       0       0       0       0       0       0       0       0       0       0       0       0
      Temps:          2       0       0       0       0       0       0       0       0       0       0       0       0       0
      Totals:         2       0       0       0       0       0       0       0       0       0       0       0       0       0
Total ram usage:        2 bytes
 Hardware stack levels used:    1
 Hardware stack levels required when called:    1
 This function calls:
		___awmod
		___lbmod
		i1_DATAEE_WriteByte
		i1___lwmod
 This function is called by:
		_main
		_TMR0_CallBack
 This function uses a non-reentrant model


 *************** function i1___lwmod *****************
 Defined at:
		line 5 in file "C:\Program Files\Microchip\xc8\v2.30\pic\sources\c90\common\lwmod.c"
 Parameters:    Size  Location     Type
  divisor         2    0[COMMON] unsigned int 
  dividend        2    2[COMMON] unsigned int 
 Auto vars:     Size  Location     Type
  counter         1    5[COMMON] unsigned char 
 Return value:  Size  Location     Type
                  2    0[COMMON] unsigned int 
 Registers used:
		wreg, status,2, status,0
 Tracked objects:
		On entry : 
		On exit  : 
		Unchanged: 
 Data sizes:     COMMON   BANK0   BANK1   BANK2   BANK3   BANK4   BANK5   BANK6   BANK7   BANK8   BANK9  BANK10  BANK11  BANK12
      Params:         4       0       0       0       0       0       0       0       0       0       0       0       0       0
      Locals:         1       0       0       0       0       0       0       0       0       0       0       0       0       0
      Temps:          1       0       0       0       0       0       0       0       0       0       0       0       0       0
      Totals:         6       0       0       0       0       0       0       0       0       0       0       0       0       0
Total ram usage:        6 bytes
 Hardware stack levels used:    1
 This function calls:
		Nothing
 This function is called by:
		_TMR0_callback
 This function uses a non-reentrant model


 *************** function i1_DATAEE_WriteByte *****************
 Defined at:
		line 180 in file "mcc_generated_files/memory.c"
 Parameters:    Size  Location     Type
  bAdd            2    0[COMMON] unsigned int 
  bData           1    2[COMMON] unsigned char 
 Auto vars:     Size  Location     Type
  GIEBitValue     1    3[COMMON] unsigned char 
 Return value:  Size  Location     Type
                  1    wreg      void 
 Registers used:
		wreg, status,2, status,0
 Tracked objects:
		On entry : 
		On exit  : 
		Unchanged: 
 Data sizes:     COMMON   BANK0   BANK1   BANK2   BANK3   BANK4   BANK5   BANK6   BANK7   BANK8   BANK9  BANK10  BANK11  BANK12
      Params:         3       0       0       0       0       0       0       0       0       0       0       0       0       0
      Locals:         1       0       0       0       0       0       0       0       0       0       0       0       0       0
      Temps:          0       0       0       0       0       0       0       0       0       0       0       0       0       0
      Totals:         4       0       0       0       0       0       0       0       0       0       0       0       0       0
Total ram usage:        4 bytes
 Hardware stack levels used:    1
 This function calls:
		Nothing
 This function is called by:
		_TMR0_callback
 This function uses a non-reentrant model


 *************** function ___lbmod *****************
 Defined at:
		line 4 in file "C:\Program Files\Microchip\xc8\v2.30\pic\sources\c90\common\lbmod.c"
 Parameters:    Size  Location     Type
  dividend        1    wreg     unsigned char 
  divisor         1    0[COMMON] unsigned char 
 Auto vars:     Size  Location     Type
  dividend        1    3[COMMON] unsigned char 
  rem             1    5[COMMON] unsigned char 
  counter         1    4[COMMON] unsigned char 
 Return value:  Size  Location     Type
                  1    wreg      unsigned char 
 Registers used:
		wreg, status,2, status,0
 Tracked objects:
		On entry : 
		On exit  : 
		Unchanged: 
 Data sizes:     COMMON   BANK0   BANK1   BANK2   BANK3   BANK4   BANK5   BANK6   BANK7   BANK8   BANK9  BANK10  BANK11  BANK12
      Params:         1       0       0       0       0       0       0       0       0       0       0       0       0       0
      Locals:         3       0       0       0       0       0       0       0       0       0       0       0       0       0
      Temps:          2       0       0       0       0       0       0       0       0       0       0       0       0       0
      Totals:         6       0       0       0       0       0       0       0       0       0       0       0       0       0
Total ram usage:        6 bytes
 Hardware stack levels used:    1
 This function calls:
		Nothing
 This function is called by:
		_TMR0_callback
 This function uses a non-reentrant model


 *************** function ___awmod *****************
 Defined at:
		line 5 in file "C:\Program Files\Microchip\xc8\v2.30\pic\sources\c90\common\awmod.c"
 Parameters:    Size  Location     Type
  divisor         2    0[COMMON] int 
  dividend        2    2[COMMON] int 
 Auto vars:     Size  Location     Type
  sign            1    6[COMMON] unsigned char 
  counter         1    5[COMMON] unsigned char 
 Return value:  Size  Location     Type
                  2    0[COMMON] int 
 Registers used:
		wreg, status,2, status,0
 Tracked objects:
		On entry : 
		On exit  : 
		Unchanged: 
 Data sizes:     COMMON   BANK0   BANK1   BANK2   BANK3   BANK4   BANK5   BANK6   BANK7   BANK8   BANK9  BANK10  BANK11  BANK12
      Params:         4       0       0       0       0       0       0       0       0       0       0       0       0       0
      Locals:         2       0       0       0       0       0       0       0       0       0       0       0       0       0
      Temps:          1       0       0       0       0       0       0       0       0       0       0       0       0       0
      Totals:         7       0       0       0       0       0       0       0       0       0       0       0       0       0
Total ram usage:        7 bytes
 Hardware stack levels used:    1
 This function calls:
		Nothing
 This function is called by:
		_TMR0_callback
 This function uses a non-reentrant model



MODULE INFORMATION

Module		Function		Class		Link	Load	Size
C:\Program Files\Microchip\xc8\v2.30\pic\sources\c90\common\lwmod.c
		___lwmod       		CODE           	1790	0000	53

C:\Program Files\Microchip\xc8\v2.30\pic\sources\c90\common\lwmod.c estimated size: 53

mcc_generated_files/interrupt_manager.c
		_INTERRUPT_InterruptManager		CODE           	0004	0000	36

mcc_generated_files/interrupt_manager.c estimated size: 36

C:\Program Files\Microchip\xc8\v2.30\pic\sources\c90\common\awmod.c
		___awmod       		CODE           	084B	0000	83

C:\Program Files\Microchip\xc8\v2.30\pic\sources\c90\common\awmod.c estimated size: 83

mcc_generated_files/tmr0.c
		_TMR0_SetInterruptHandler		CODE           	1541	0000	9
		_TMR0_DefaultInterruptHandler		CODE           	0002	0000	1
		_TMR0_CallBack 		CODE           	157F	0000	13
		_TMR0_ISR      		CODE           	1660	0000	23
		_TMR0_Initialize		CODE           	161F	0000	21

mcc_generated_files/tmr0.c estimated size: 67

mcc_generated_files/pin_manager.c
		_PIN_MANAGER_Initialize		CODE           	17C5	0000	59

mcc_generated_files/pin_manager.c estimated size: 59

C:\Program Files\Microchip\xc8\v2.30\pic\sources\c90\common\lwdiv.c
		___lwdiv       		CODE           	080E	0000	61

C:\Program Files\Microchip\xc8\v2.30\pic\sources\c90\common\lwdiv.c estimated size: 61

I2C/i2c.c
		_ReadI2C       		CODE           	16CF	0000	31
		_WriteI2C      		CODE           	08F1	0000	90

I2C/i2c.c estimated size: 121

C:\Program Files\Microchip\xc8\v2.30\pic\sources\c90\common\isdigit.c
		_isdigit       		CODE           	160C	0000	19

C:\Program Files\Microchip\xc8\v2.30\pic\sources\c90\common\isdigit.c estimated size: 19

C:\Program Files\Microchip\xc8\v2.30\pic\sources\c90\common\doprnt.c
		_sprintf       		CODE           	0639	0000	414

C:\Program Files\Microchip\xc8\v2.30\pic\sources\c90\common\doprnt.c estimated size: 414

C:\Program Files\Microchip\xc8\v2.30\pic\sources\c90\common\lbmod.c
		___lbmod       		CODE           	170E	0000	35

C:\Program Files\Microchip\xc8\v2.30\pic\sources\c90\common\lbmod.c estimated size: 35

shared
		i1_DATAEE_WriteByte		CODE           	16B1	0000	30
		_dpowers       		STRCODE        	180F	0000	10
		i1___lwmod     		CODE           	175C	0000	52
		__initialization		CODE           	002A	0000	52

shared estimated size: 144

C:\Program Files\Microchip\xc8\v2.30\pic\sources\c90\common\Umul16.c
		___wmul        		CODE           	16EE	0000	32

C:\Program Files\Microchip\xc8\v2.30\pic\sources\c90\common\Umul16.c estimated size: 32

mcc_generated_files/mcc.c
		_PMD_Initialize		CODE           	1520	0000	8
		_OSCILLATOR_Initialize		CODE           	1538	0000	9
		_SYSTEM_Initialize		CODE           	159B	0000	16

mcc_generated_files/mcc.c estimated size: 33

mcc_generated_files/memory.c
		_DATAEE_WriteByte		CODE           	07D7	0000	36
		_DATAEE_ReadByte		CODE           	158C	0000	15

mcc_generated_files/memory.c estimated size: 51

mcc_generated_files/i2c1_driver.c
		_i2c1_driver_open		CODE           	1567	0000	12

mcc_generated_files/i2c1_driver.c estimated size: 12

mcc_generated_files/adcc.c
		_ADCC_GetConversionResult		CODE           	1553	0000	9
		_ADCC_StartConversion		CODE           	1530	0000	8
		_ADCC_Initialize		CODE           	1634	0000	22

mcc_generated_files/adcc.c estimated size: 39

main.c
		_conf_lumin    		CODE           	15DB	0000	16
		_conf_alarm_hh 		CODE           	15AB	0000	16
		_conf_alarm_mm 		CODE           	15BB	0000	16
		_conf_alarm_ss 		CODE           	15CB	0000	16
		_main          		CODE           	0E17	0000	489
		_check_vars    		CODE           	0BA4	0000	291
		_TMR0_callback 		CODE           	094B	0000	94
		_conf_alarm_flag		CODE           	155C	0000	11
		_conf_temp     		CODE           	15EB	0000	16
		_tsttc         		CODE           	0CC7	0000	336
		_save_vars     		CODE           	0A1F	0000	177
		_conf_clock_hh 		CODE           	15FB	0000	17
		_conf_clock_mm 		CODE           	0800	0000	14
		_conf_clock_ss 		CODE           	07FB	0000	5
		_checkButtonS1 		CODE           	1677	0000	29
		_checkButtonS2 		CODE           	1694	0000	29

main.c estimated size: 1572

LCD.c
		_LCDinit       		CODE           	09A9	0000	118
		_LCDsend       		CODE           	089E	0000	83
		_LCDsend2x4    		CODE           	0AD0	0000	212
		_LCDstr        		CODE           	164A	0000	22
		_lumin         		CODE           	1731	0000	43
		_LCDchar       		CODE           	154A	0000	9
		_lcd           		CODE           	0062	0000	1495
		_LCDcmd        		CODE           	1528	0000	8

LCD.c estimated size: 1990

